{"ts":"2026-05-14T17:55:15Z","hook":"pre-push","bypass":"SKIP_PRE_PUSH","reason":"<no reason given>"}
{"ts":"2026-05-14T17:59:57Z","hook":"pre-push","bypass":"SKIP_PRE_PUSH","reason":"<no reason given>"}
{"ts":"2026-05-14T18:08:30Z","hook":"pre-push","bypass":"SKIP_PRE_PUSH","reason":"<no reason given>"}
{"ts":"2026-05-14T18:14:53Z","hook":"pre-push","bypass":"SKIP_PRE_PUSH","reason":"<no reason given>"}
{"ts":"2026-05-14T18:19:01Z","hook":"pre-push","bypass":"SKIP_PRE_PUSH","reason":"<no reason given>"}
{"ts":"2026-05-14T18:34:00Z","hook":"pre-push","bypass":"SKIP_PRE_PUSH","reason":"<no reason given>"}
{"ts":"2026-05-14T18:39:15Z","hook":"pre-push","bypass":"SKIP_PRE_PUSH","reason":"<no reason given>"}
{"ts":"2026-05-14T18:49:26Z","hook":"pre-push","bypass":"SKIP_PRE_PUSH","reason":"<no reason given>"}
{"ts":"2026-05-14T18:53:39Z","hook":"pre-push","bypass":"SKIP_PRE_PUSH","reason":"<no reason given>"}
{"ts":"2026-05-14T18:58:19Z","hook":"pre-push","bypass":"SKIP_PRE_PUSH","reason":"<no reason given>"}
{"ts":"2026-05-14T19:11:30Z","hook":"pre-push","bypass":"SKIP_PRE_PUSH","reason":"<no reason given>"}
{"ts":"2026-05-14T19:17:05Z","hook":"pre-push","bypass":"SKIP_PRE_PUSH","reason":"<no reason given>"}
{"ts":"2026-05-15T12:45:06Z","hook":"pre-push","bypass":"SKIP_PRE_PUSH","reason":"<no reason given>"}
{"ts":"2026-05-15T13:38:00Z","hook":"pre-push","bypass":"SKIP_PRE_PUSH","reason":"<no reason given>"}
{"ts":"2026-05-15T13:40:21Z","hook":"pre-push","bypass":"SKIP_PRE_PUSH","reason":"<no reason given>"}
{"ts":"2026-05-15T13:42:30Z","hook":"pre-push","bypass":"SKIP_PRE_PUSH","reason":"<no reason given>"}
{"ts":"2026-05-15T13:42:40Z","hook":"pre-push","bypass":"SKIP_PRE_PUSH","reason":"<no reason given>"}
{"ts":"2026-05-15T13:42:43Z","hook":"pre-push","bypass":"SKIP_PRE_PUSH","reason":"<no reason given>"}
{"ts":"2026-05-15T13:46:10Z","hook":"pre-push","bypass":"SKIP_PRE_PUSH","reason":"<no reason given>"}
{"ts":"2026-05-15T13:46:12Z","hook":"pre-push","bypass":"SKIP_PRE_PUSH","reason":"<no reason given>"}
{"ts":"2026-05-15T13:46:15Z","hook":"pre-push","bypass":"SKIP_PRE_PUSH","reason":"<no reason given>"}
{"ts":"2026-05-15T13:50:02Z","hook":"pre-push","bypass":"SKIP_PRE_PUSH","reason":"<no reason given>"}
{"ts":"2026-05-15T13:50:05Z","hook":"pre-push","bypass":"SKIP_PRE_PUSH","reason":"<no reason given>"}
{"ts":"2026-05-15T13:50:07Z","hook":"pre-push","bypass":"SKIP_PRE_PUSH","reason":"<no reason given>"}
{"ts":"2026-05-15T13:53:10Z","hook":"pre-push","bypass":"SKIP_PRE_PUSH","reason":"<no reason given>"}
{"ts":"2026-05-15T13:53:12Z","hook":"pre-push","bypass":"SKIP_PRE_PUSH","reason":"<no reason given>"}
{"ts":"2026-05-15T13:53:15Z","hook":"pre-push","bypass":"SKIP_PRE_PUSH","reason":"<no reason given>"}
{"ts":"2026-05-15T13:57:07Z","hook":"pre-push","bypass":"SKIP_PRE_PUSH","reason":"<no reason given>"}
{"ts":"2026-05-15T13:57:10Z","hook":"pre-push","bypass":"SKIP_PRE_PUSH","reason":"<no reason given>"}
{"ts":"2026-05-15T13:57:12Z","hook":"pre-push","bypass":"SKIP_PRE_PUSH","reason":"<no reason given>"}
{"ts":"2026-05-15T14:01:06Z","hook":"pre-push","bypass":"SKIP_PRE_PUSH","reason":"<no reason given>"}
{"ts":"2026-05-15T14:01:09Z","hook":"pre-push","bypass":"SKIP_PRE_PUSH","reason":"<no reason given>"}
{"ts":"2026-05-15T14:01:12Z","hook":"pre-push","bypass":"SKIP_PRE_PUSH","reason":"<no reason given>"}
{"ts":"2026-05-15T14:05:10Z","hook":"pre-push","bypass":"SKIP_PRE_PUSH","reason":"<no reason given>"}
{"ts":"2026-05-15T14:05:13Z","hook":"pre-push","bypass":"SKIP_PRE_PUSH","reason":"<no reason given>"}
{"ts":"2026-05-15T14:05:16Z","hook":"pre-push","bypass":"SKIP_PRE_PUSH","reason":"<no reason given>"}
{"ts":"2026-05-15T14:10:03Z","hook":"pre-push","bypass":"SKIP_PRE_PUSH","reason":"<no reason given>"}
{"ts":"2026-05-15T14:10:06Z","hook":"pre-push","bypass":"SKIP_PRE_PUSH","reason":"<no reason given>"}
{"ts":"2026-05-15T14:10:09Z","hook":"pre-push","bypass":"SKIP_PRE_PUSH","reason":"<no reason given>"}
{"ts":"2026-05-15T14:12:10Z","hook":"pre-push","bypass":"SKIP_PRE_PUSH","reason":"<no reason given>"}
{"ts":"2026-05-15T14:12:13Z","hook":"pre-push","bypass":"SKIP_PRE_PUSH","reason":"<no reason given>"}
{"ts":"2026-05-15T14:12:15Z","hook":"pre-push","bypass":"SKIP_PRE_PUSH","reason":"<no reason given>"}
{"ts":"2026-05-15T17:45:41Z","hook":"pre-push","bypass":"SKIP_PRE_PUSH","reason":"<no reason given>"}
{"ts":"2026-05-16T07:00:54Z","hook":"pre-push","bypass":"FORGE_SKIP_SCAN","reason":"<no reason given>"}
{"ts":"2026-05-16T07:00:54Z","hook":"pre-push","bypass":"FORGE_SKIP_LINT","reason":"<no reason given>"}
{"ts":"2026-05-16T07:00:54Z","hook":"pre-push","bypass":"FORGE_SKIP_CHECK","reason":"<no reason given>"}
{"ts":"2026-05-16T07:03:58Z","hook":"pre-push","bypass":"FORGE_SKIP_SCAN","reason":"<no reason given>"}
{"ts":"2026-05-16T07:03:58Z","hook":"pre-push","bypass":"FORGE_SKIP_LINT","reason":"<no reason given>"}
{"ts":"2026-05-16T07:03:58Z","hook":"pre-push","bypass":"FORGE_SKIP_CHECK","reason":"<no reason given>"}
{"ts":"2026-05-24T16:17:49Z","hook":"pre-push","bypass":"SKIP_PRE_PUSH","reason":"<no reason given>"}
{"ts":"2026-05-24T16:46:39Z","hook":"pre-push","bypass":"SKIP_PRE_PUSH","reason":"<no reason given>"}
{"ts":"2026-05-25T14:41:14Z","hook":"pre-push","bypass":"SKIP_PRE_PUSH","reason":"<no reason given>"}
{"ts":"2026-05-25T15:07:54Z","hook":"pre-push","bypass":"SKIP_PRE_PUSH","reason":"<no reason given>"}
{"ts":"2026-05-25T18:07:22Z","hook":"pre-push","bypass":"SKIP_PRE_PUSH","reason":"amend+force-push qa artefacts (agent, P8 tests, hook [13/13])"}
